// Vitest Snapshot v1, https://vitest.dev/guide/snapshot.html

exports[`Logos component > should match the snapshot 1`] = `
<DocumentFragment>
  <a
    href="https://vitejs.dev"
    target="_blank"
  >
    <img
      alt="Vite logo"
      class="logo"
      src="/react-boilerplate/src/assets/vite.svg"
    />
  </a>
  <a
    href="https://react.dev"
    target="_blank"
  >
    <img
      alt="React logo"
      class="logo react"
      src="/react-boilerplate/src/assets/react.svg"
    />
  </a>
</DocumentFragment>
`;
